// Jest Snapshot v1, https://goo.gl/fbAQLP

exports[`EditableTextInput should mount properly with default props 1`] = `
<div
  className="font-light editable-text-input"
>
  
  <div
    className="border border-purple-200 rounded p-4 flex"
  >
    <input
      className="flex-1 p-2 rounded font-light"
      disabled={true}
      onChange={[Function]}
      type="text"
      value=""
    />
    <button
      className="bg-gray-300 hover:bg-gray-400 text-gray-800 font-bold p-2 rounded inline-flex items-center ml-4 editable-text-input__edit-btn"
      onClick={[Function]}
      type="button"
    >
      <svg
        fill="currentColor"
        height="30"
        stroke="currentColor"
        strokeWidth="0"
        style={
          Object {
            "color": undefined,
          }
        }
        viewBox="0 0 24 24"
        width="30"
        xmlns="http://www.w3.org/2000/svg"
      >
        <path
          d="M4 21a1 1 0 0 0 .24 0l4-1a1 1 0 0 0 .47-.26L21 7.41a2 2 0 0 0 0-2.82L19.42 3a2 2 0 0 0-2.83 0L4.3 15.29a1.06 1.06 0 0 0-.27.47l-1 4A1 1 0 0 0 3.76 21 1 1 0 0 0 4 21zM18 4.41 19.59 6 18 7.59 16.42 6zM5.91 16.51 15 7.41 16.59 9l-9.1 9.1-2.11.52z"
        />
      </svg>
    </button>
  </div>
</div>
`;
